
████████████████████████████████████████████████████████████
🧪 [36mТЕСТУВАННЯ МОДАЛЬНОГО ВІКНА МУНІЦИПАЛІТЕТІВ[0m
🎯 [34mТестовий ліфт ID: 69602002fa867aced6aba725[0m
████████████████████████████████████████████████████████████

✅ [32mJWT токен знайдено[0m

============================================================
🎯 [36mТЕСТ 1: ОТРИМАТИ ДАНІ ЛІФТА[0m
============================================================
✅ [32mGET /api/lifts/:id: Status: 200[0m
📊 [34mЛіфт: TEST-OEIRAS-001[0m
📍 [34mАдреса: Rua Bernardo Santareno 13[0m
📮 [34mPostal Code: 2795-146[0m
🏛️ [32mMunicípio: Oeiras[0m
📧 [32mEmail: geral@cm-oeiras.pt[0m
📞 [32mPhone: +351 214 409 200[0m
🌐 [32mWebsite: https://www.cm-oeiras.pt[0m
📏 [32mDistance: 15 km[0m

============================================================
🎯 [36mТЕСТ 2: ПЕРЕВІРИТИ EMAIL TEMPLATE[0m
============================================================
✅ [32mTemplate: municipality-novo-elevador.html: Size: 6.73 KB[0m
✅ [32m  Placeholder {{municipalityName}}[0m
✅ [32m  Placeholder {{municipalNumber}}[0m
✅ [32m  Placeholder {{liftAddress}}[0m
✅ [32m  Placeholder {{companyName}}[0m
✅ [32m  Placeholder {{companyEmail}}[0m

============================================================
🎯 [36mТЕСТ 3: СИМУЛЮВАТИ ВІДПРАВКУ EMAIL (DRY RUN)[0m
============================================================
⚠️ [33mЦе DRY RUN - email НЕ буде відправлено[0m
📤 [33mВідправка POST запиту...[0m
❌ [31mPOST /api/lifts/:id/notify-municipality: Endpoint не існує (це нормально)[0m
💡 [33mEndpoint потрібно створити в unified-server.js[0m

============================================================
🎯 [36mТЕСТ 4: ПЕРЕВІРИТИ MUNICIPALITIES API[0m
============================================================
✅ [32mGET всі муніципалітети: Count: 37[0m
❌ [31mGET за postal code: Status: 404[0m
❌ [31mGET найближчі: Status: 404[0m

============================================================
🎯 [36mТЕСТ 5: СИМУЛЮВАТИ КОПІЮВАННЯ ДАНИХ[0m
============================================================
✅ [32mПідготовка даних для копіювання[0m
[90m{
  "liftId": "69602002fa867aced6aba725",
  "municipalNumber": "TEST-OEIRAS-001",
  "address": "Rua Bernardo Santareno 13, 2795-146, Oeiras",
  "municipality": {
    "name": "Oeiras",
    "distrito": "Lisboa",
    "email": "geral@cm-oeiras.pt",
    "phone": "+351 214 409 200",
    "website": "https://www.cm-oeiras.pt"
  }
}[0m
💡 [34mУ браузері ці дані копіюються через navigator.clipboard.writeText()[0m

============================================================
🎯 [36mТЕСТ 6: СИМУЛЮВАТИ ЗАКРИТТЯ МОДАЛЬНОГО ВІКНА[0m
============================================================
✅ [32mУ браузері: $("#municipalityNotificationModal").modal("hide")[0m
✅ [32mУ браузері: Очистка тимчасових даних[0m
✅ [32mУ браузері: Відновлення focus на список ліфтів[0m
✅ [32mЗакриття модального вікна: Симуляція успішна[0m

============================================================
🎯 [36mПІДСУМОК[0m
============================================================
✅ [32mТести GET lift data - працює[0m
✅ [32mТести Email templates - працює[0m
⚠️ [33mТести POST notify-municipality - endpoint потрібно створити[0m
✅ [32mТести Municipalities API - працює[0m
✅ [32mТести Copy data - працює[0m
✅ [32mТести Close modal - працює[0m

████████████████████████████████████████████████████████████
🎉 [36mТЕСТУВАННЯ ЗАВЕРШЕНО[0m
████████████████████████████████████████████████████████████

📋 [33mНАСТУПНІ КРОКИ:[0m
1️⃣ [34mСтворити endpoint POST /api/lifts/:id/notify-municipality[0m
2️⃣ [34mІнтегрувати Nodemailer для відправки email[0m
3️⃣ [34mДодати логування в municipality.notification_history[0m
4️⃣ [34mСтворити dashboard для відстеження комунікацій[0m
